// Vitest Snapshot v1, https://vitest.dev/guide/snapshot.html

exports[`EtherscanAPIClient > getContractABI > should behavior 1`] = `
Interface {
  "deploy": ConstructorFragment {
    "gas": null,
    "inputs": [
      ParamType {
        "arrayChildren": null,
        "arrayLength": null,
        "baseType": "address",
        "components": null,
        "indexed": undefined,
        "name": "_feesTo",
        "type": "address",
      },
    ],
    "payable": false,
    "type": "constructor",
  },
  "fallback": null,
  "fragments": [
    FunctionFragment {
      "constant": true,
      "gas": null,
      "inputs": [
        ParamType {
          "arrayChildren": null,
          "arrayLength": null,
          "baseType": "bytes4",
          "components": null,
          "indexed": undefined,
          "name": "interfaceId",
          "type": "bytes4",
        },
      ],
      "name": "supportsInterface",
      "outputs": [
        ParamType {
          "arrayChildren": null,
          "arrayLength": null,
          "baseType": "bool",
          "components": null,
          "indexed": undefined,
          "name": "",
          "type": "bool",
        },
      ],
      "payable": false,
      "stateMutability": "view",
      "type": "function",
    },
    FunctionFragment {
      "constant": true,
      "gas": null,
      "inputs": [],
      "name": "name",
      "outputs": [
        ParamType {
          "arrayChildren": null,
          "arrayLength": null,
          "baseType": "string",
          "components": null,
          "indexed": undefined,
          "name": "",
          "type": "string",
        },
      ],
      "payable": false,
      "stateMutability": "view",
      "type": "function",
    },
    FunctionFragment {
      "constant": true,
      "gas": null,
      "inputs": [
        ParamType {
          "arrayChildren": null,
          "arrayLength": null,
          "baseType": "uint256",
          "components": null,
          "indexed": undefined,
          "name": "tokenId",
          "type": "uint256",
        },
      ],
      "name": "getApproved",
      "outputs": [
        ParamType {
          "arrayChildren": null,
          "arrayLength": null,
          "baseType": "address",
          "components": null,
          "indexed": undefined,
          "name": "",
          "type": "address",
        },
      ],
      "payable": false,
      "stateMutability": "view",
      "type": "function",
    },
    FunctionFragment {
      "constant": false,
      "gas": null,
      "inputs": [
        ParamType {
          "arrayChildren": null,
          "arrayLength": null,
          "baseType": "address",
          "components": null,
          "indexed": undefined,
          "name": "to",
          "type": "address",
        },
        ParamType {
          "arrayChildren": null,
          "arrayLength": null,
          "baseType": "uint256",
          "components": null,
          "indexed": undefined,
          "name": "tokenId",
          "type": "uint256",
        },
      ],
      "name": "approve",
      "outputs": [],
      "payable": false,
      "stateMutability": "nonpayable",
      "type": "function",
    },
    FunctionFragment {
      "constant": true,
      "gas": null,
      "inputs": [],
      "name": "totalSupply",
      "outputs": [
        ParamType {
          "arrayChildren": null,
          "arrayLength": null,
          "baseType": "uint256",
          "components": null,
          "indexed": undefined,
          "name": "",
          "type": "uint256",
        },
      ],
      "payable": false,
      "stateMutability": "view",
      "type": "function",
    },
    FunctionFragment {
      "constant": false,
      "gas": null,
      "inputs": [
        ParamType {
          "arrayChildren": null,
          "arrayLength": null,
          "baseType": "uint256",
          "components": null,
          "indexed": undefined,
          "name": "tokenId",
          "type": "uint256",
        },
        ParamType {
          "arrayChildren": null,
          "arrayLength": null,
          "baseType": "string",
          "components": null,
          "indexed": undefined,
          "name": "hash",
          "type": "string",
        },
      ],
      "name": "mintPhoto",
      "outputs": [],
      "payable": false,
      "stateMutability": "nonpayable",
      "type": "function",
    },
    FunctionFragment {
      "constant": false,
      "gas": null,
      "inputs": [
        ParamType {
          "arrayChildren": null,
          "arrayLength": null,
          "baseType": "address",
          "components": null,
          "indexed": undefined,
          "name": "from",
          "type": "address",
        },
        ParamType {
          "arrayChildren": null,
          "arrayLength": null,
          "baseType": "address",
          "components": null,
          "indexed": undefined,
          "name": "to",
          "type": "address",
        },
        ParamType {
          "arrayChildren": null,
          "arrayLength": null,
          "baseType": "uint256",
          "components": null,
          "indexed": undefined,
          "name": "tokenId",
          "type": "uint256",
        },
      ],
      "name": "transferFrom",
      "outputs": [],
      "payable": false,
      "stateMutability": "nonpayable",
      "type": "function",
    },
    FunctionFragment {
      "constant": false,
      "gas": null,
      "inputs": [],
      "name": "withdrawFunds",
      "outputs": [],
      "payable": false,
      "stateMutability": "nonpayable",
      "type": "function",
    },
    FunctionFragment {
      "constant": false,
      "gas": null,
      "inputs": [
        ParamType {
          "arrayChildren": null,
          "arrayLength": null,
          "baseType": "uint256",
          "components": null,
          "indexed": undefined,
          "name": "tokenId",
          "type": "uint256",
        },
      ],
      "name": "buyToken",
      "outputs": [],
      "payable": true,
      "stateMutability": "payable",
      "type": "function",
    },
    FunctionFragment {
      "constant": true,
      "gas": null,
      "inputs": [
        ParamType {
          "arrayChildren": null,
          "arrayLength": null,
          "baseType": "address",
          "components": null,
          "indexed": undefined,
          "name": "owner",
          "type": "address",
        },
        ParamType {
          "arrayChildren": null,
          "arrayLength": null,
          "baseType": "uint256",
          "components": null,
          "indexed": undefined,
          "name": "index",
          "type": "uint256",
        },
      ],
      "name": "tokenOfOwnerByIndex",
      "outputs": [
        ParamType {
          "arrayChildren": null,
          "arrayLength": null,
          "baseType": "uint256",
          "components": null,
          "indexed": undefined,
          "name": "",
          "type": "uint256",
        },
      ],
      "payable": false,
      "stateMutability": "view",
      "type": "function",
    },
    FunctionFragment {
      "constant": false,
      "gas": null,
      "inputs": [
        ParamType {
          "arrayChildren": null,
          "arrayLength": null,
          "baseType": "address",
          "components": null,
          "indexed": undefined,
          "name": "from",
          "type": "address",
        },
        ParamType {
          "arrayChildren": null,
          "arrayLength": null,
          "baseType": "address",
          "components": null,
          "indexed": undefined,
          "name": "to",
          "type": "address",
        },
        ParamType {
          "arrayChildren": null,
          "arrayLength": null,
          "baseType": "uint256",
          "components": null,
          "indexed": undefined,
          "name": "tokenId",
          "type": "uint256",
        },
      ],
      "name": "safeTransferFrom",
      "outputs": [],
      "payable": false,
      "stateMutability": "nonpayable",
      "type": "function",
    },
    FunctionFragment {
      "constant": true,
      "gas": null,
      "inputs": [],
      "name": "totalBought",
      "outputs": [
        ParamType {
          "arrayChildren": null,
          "arrayLength": null,
          "baseType": "uint256",
          "components": null,
          "indexed": undefined,
          "name": "",
          "type": "uint256",
        },
      ],
      "payable": false,
      "stateMutability": "view",
      "type": "function",
    },
    FunctionFragment {
      "constant": true,
      "gas": null,
      "inputs": [
        ParamType {
          "arrayChildren": null,
          "arrayLength": null,
          "baseType": "uint256",
          "components": null,
          "indexed": undefined,
          "name": "index",
          "type": "uint256",
        },
      ],
      "name": "tokenByIndex",
      "outputs": [
        ParamType {
          "arrayChildren": null,
          "arrayLength": null,
          "baseType": "uint256",
          "components": null,
          "indexed": undefined,
          "name": "",
          "type": "uint256",
        },
      ],
      "payable": false,
      "stateMutability": "view",
      "type": "function",
    },
    FunctionFragment {
      "constant": true,
      "gas": null,
      "inputs": [
        ParamType {
          "arrayChildren": null,
          "arrayLength": null,
          "baseType": "uint256",
          "components": null,
          "indexed": undefined,
          "name": "tokenId",
          "type": "uint256",
        },
      ],
      "name": "ownerOf",
      "outputs": [
        ParamType {
          "arrayChildren": null,
          "arrayLength": null,
          "baseType": "address",
          "components": null,
          "indexed": undefined,
          "name": "",
          "type": "address",
        },
      ],
      "payable": false,
      "stateMutability": "view",
      "type": "function",
    },
    FunctionFragment {
      "constant": true,
      "gas": null,
      "inputs": [
        ParamType {
          "arrayChildren": null,
          "arrayLength": null,
          "baseType": "address",
          "components": null,
          "indexed": undefined,
          "name": "owner",
          "type": "address",
        },
      ],
      "name": "balanceOf",
      "outputs": [
        ParamType {
          "arrayChildren": null,
          "arrayLength": null,
          "baseType": "uint256",
          "components": null,
          "indexed": undefined,
          "name": "",
          "type": "uint256",
        },
      ],
      "payable": false,
      "stateMutability": "view",
      "type": "function",
    },
    FunctionFragment {
      "constant": false,
      "gas": null,
      "inputs": [],
      "name": "renounceOwnership",
      "outputs": [],
      "payable": false,
      "stateMutability": "nonpayable",
      "type": "function",
    },
    FunctionFragment {
      "constant": true,
      "gas": null,
      "inputs": [
        ParamType {
          "arrayChildren": null,
          "arrayLength": null,
          "baseType": "uint256",
          "components": null,
          "indexed": undefined,
          "name": "",
          "type": "uint256",
        },
      ],
      "name": "tokenHashes",
      "outputs": [
        ParamType {
          "arrayChildren": null,
          "arrayLength": null,
          "baseType": "string",
          "components": null,
          "indexed": undefined,
          "name": "",
          "type": "string",
        },
      ],
      "payable": false,
      "stateMutability": "view",
      "type": "function",
    },
    FunctionFragment {
      "constant": true,
      "gas": null,
      "inputs": [],
      "name": "owner",
      "outputs": [
        ParamType {
          "arrayChildren": null,
          "arrayLength": null,
          "baseType": "address",
          "components": null,
          "indexed": undefined,
          "name": "",
          "type": "address",
        },
      ],
      "payable": false,
      "stateMutability": "view",
      "type": "function",
    },
    FunctionFragment {
      "constant": true,
      "gas": null,
      "inputs": [],
      "name": "isOwner",
      "outputs": [
        ParamType {
          "arrayChildren": null,
          "arrayLength": null,
          "baseType": "bool",
          "components": null,
          "indexed": undefined,
          "name": "",
          "type": "bool",
        },
      ],
      "payable": false,
      "stateMutability": "view",
      "type": "function",
    },
    FunctionFragment {
      "constant": false,
      "gas": null,
      "inputs": [
        ParamType {
          "arrayChildren": null,
          "arrayLength": null,
          "baseType": "address",
          "components": null,
          "indexed": undefined,
          "name": "to",
          "type": "address",
        },
        ParamType {
          "arrayChildren": null,
          "arrayLength": null,
          "baseType": "bool",
          "components": null,
          "indexed": undefined,
          "name": "approved",
          "type": "bool",
        },
      ],
      "name": "setApprovalExternal",
      "outputs": [],
      "payable": false,
      "stateMutability": "nonpayable",
      "type": "function",
    },
    FunctionFragment {
      "constant": true,
      "gas": null,
      "inputs": [],
      "name": "symbol",
      "outputs": [
        ParamType {
          "arrayChildren": null,
          "arrayLength": null,
          "baseType": "string",
          "components": null,
          "indexed": undefined,
          "name": "",
          "type": "string",
        },
      ],
      "payable": false,
      "stateMutability": "view",
      "type": "function",
    },
    FunctionFragment {
      "constant": true,
      "gas": null,
      "inputs": [],
      "name": "currentPrice",
      "outputs": [
        ParamType {
          "arrayChildren": null,
          "arrayLength": null,
          "baseType": "uint256",
          "components": null,
          "indexed": undefined,
          "name": "",
          "type": "uint256",
        },
      ],
      "payable": false,
      "stateMutability": "view",
      "type": "function",
    },
    FunctionFragment {
      "constant": false,
      "gas": null,
      "inputs": [
        ParamType {
          "arrayChildren": null,
          "arrayLength": null,
          "baseType": "address",
          "components": null,
          "indexed": undefined,
          "name": "to",
          "type": "address",
        },
        ParamType {
          "arrayChildren": null,
          "arrayLength": null,
          "baseType": "bool",
          "components": null,
          "indexed": undefined,
          "name": "approved",
          "type": "bool",
        },
      ],
      "name": "setApprovalForAll",
      "outputs": [],
      "payable": false,
      "stateMutability": "nonpayable",
      "type": "function",
    },
    FunctionFragment {
      "constant": false,
      "gas": null,
      "inputs": [
        ParamType {
          "arrayChildren": null,
          "arrayLength": null,
          "baseType": "address",
          "components": null,
          "indexed": undefined,
          "name": "from",
          "type": "address",
        },
        ParamType {
          "arrayChildren": null,
          "arrayLength": null,
          "baseType": "address",
          "components": null,
          "indexed": undefined,
          "name": "to",
          "type": "address",
        },
        ParamType {
          "arrayChildren": null,
          "arrayLength": null,
          "baseType": "uint256",
          "components": null,
          "indexed": undefined,
          "name": "tokenId",
          "type": "uint256",
        },
        ParamType {
          "arrayChildren": null,
          "arrayLength": null,
          "baseType": "bytes",
          "components": null,
          "indexed": undefined,
          "name": "_data",
          "type": "bytes",
        },
      ],
      "name": "safeTransferFrom",
      "outputs": [],
      "payable": false,
      "stateMutability": "nonpayable",
      "type": "function",
    },
    FunctionFragment {
      "constant": true,
      "gas": null,
      "inputs": [
        ParamType {
          "arrayChildren": null,
          "arrayLength": null,
          "baseType": "uint256",
          "components": null,
          "indexed": undefined,
          "name": "tokenId",
          "type": "uint256",
        },
      ],
      "name": "tokenURI",
      "outputs": [
        ParamType {
          "arrayChildren": null,
          "arrayLength": null,
          "baseType": "string",
          "components": null,
          "indexed": undefined,
          "name": "",
          "type": "string",
        },
      ],
      "payable": false,
      "stateMutability": "view",
      "type": "function",
    },
    FunctionFragment {
      "constant": true,
      "gas": null,
      "inputs": [],
      "name": "baseTokenURI",
      "outputs": [
        ParamType {
          "arrayChildren": null,
          "arrayLength": null,
          "baseType": "string",
          "components": null,
          "indexed": undefined,
          "name": "",
          "type": "string",
        },
      ],
      "payable": false,
      "stateMutability": "pure",
      "type": "function",
    },
    FunctionFragment {
      "constant": true,
      "gas": null,
      "inputs": [
        ParamType {
          "arrayChildren": null,
          "arrayLength": null,
          "baseType": "address",
          "components": null,
          "indexed": undefined,
          "name": "owner",
          "type": "address",
        },
        ParamType {
          "arrayChildren": null,
          "arrayLength": null,
          "baseType": "address",
          "components": null,
          "indexed": undefined,
          "name": "operator",
          "type": "address",
        },
      ],
      "name": "isApprovedForAll",
      "outputs": [
        ParamType {
          "arrayChildren": null,
          "arrayLength": null,
          "baseType": "bool",
          "components": null,
          "indexed": undefined,
          "name": "",
          "type": "bool",
        },
      ],
      "payable": false,
      "stateMutability": "view",
      "type": "function",
    },
    FunctionFragment {
      "constant": true,
      "gas": null,
      "inputs": [],
      "name": "getCurrentPrice",
      "outputs": [
        ParamType {
          "arrayChildren": null,
          "arrayLength": null,
          "baseType": "uint256",
          "components": null,
          "indexed": undefined,
          "name": "",
          "type": "uint256",
        },
      ],
      "payable": false,
      "stateMutability": "view",
      "type": "function",
    },
    FunctionFragment {
      "constant": false,
      "gas": null,
      "inputs": [
        ParamType {
          "arrayChildren": null,
          "arrayLength": null,
          "baseType": "address",
          "components": null,
          "indexed": undefined,
          "name": "newOwner",
          "type": "address",
        },
      ],
      "name": "transferOwnership",
      "outputs": [],
      "payable": false,
      "stateMutability": "nonpayable",
      "type": "function",
    },
    ConstructorFragment {
      "gas": null,
      "inputs": [
        ParamType {
          "arrayChildren": null,
          "arrayLength": null,
          "baseType": "address",
          "components": null,
          "indexed": undefined,
          "name": "_feesTo",
          "type": "address",
        },
      ],
      "payable": false,
      "type": "constructor",
    },
    EventFragment {
      "anonymous": false,
      "inputs": [
        ParamType {
          "arrayChildren": null,
          "arrayLength": null,
          "baseType": "uint256",
          "components": null,
          "indexed": true,
          "name": "tokenId",
          "type": "uint256",
        },
        ParamType {
          "arrayChildren": null,
          "arrayLength": null,
          "baseType": "address",
          "components": null,
          "indexed": true,
          "name": "acquirer",
          "type": "address",
        },
        ParamType {
          "arrayChildren": null,
          "arrayLength": null,
          "baseType": "uint256",
          "components": null,
          "indexed": false,
          "name": "price",
          "type": "uint256",
        },
      ],
      "name": "TokenSold",
      "type": "event",
    },
    EventFragment {
      "anonymous": false,
      "inputs": [
        ParamType {
          "arrayChildren": null,
          "arrayLength": null,
          "baseType": "address",
          "components": null,
          "indexed": true,
          "name": "previousOwner",
          "type": "address",
        },
        ParamType {
          "arrayChildren": null,
          "arrayLength": null,
          "baseType": "address",
          "components": null,
          "indexed": true,
          "name": "newOwner",
          "type": "address",
        },
      ],
      "name": "OwnershipTransferred",
      "type": "event",
    },
    EventFragment {
      "anonymous": false,
      "inputs": [
        ParamType {
          "arrayChildren": null,
          "arrayLength": null,
          "baseType": "address",
          "components": null,
          "indexed": true,
          "name": "from",
          "type": "address",
        },
        ParamType {
          "arrayChildren": null,
          "arrayLength": null,
          "baseType": "address",
          "components": null,
          "indexed": true,
          "name": "to",
          "type": "address",
        },
        ParamType {
          "arrayChildren": null,
          "arrayLength": null,
          "baseType": "uint256",
          "components": null,
          "indexed": true,
          "name": "tokenId",
          "type": "uint256",
        },
      ],
      "name": "Transfer",
      "type": "event",
    },
    EventFragment {
      "anonymous": false,
      "inputs": [
        ParamType {
          "arrayChildren": null,
          "arrayLength": null,
          "baseType": "address",
          "components": null,
          "indexed": true,
          "name": "owner",
          "type": "address",
        },
        ParamType {
          "arrayChildren": null,
          "arrayLength": null,
          "baseType": "address",
          "components": null,
          "indexed": true,
          "name": "approved",
          "type": "address",
        },
        ParamType {
          "arrayChildren": null,
          "arrayLength": null,
          "baseType": "uint256",
          "components": null,
          "indexed": true,
          "name": "tokenId",
          "type": "uint256",
        },
      ],
      "name": "Approval",
      "type": "event",
    },
    EventFragment {
      "anonymous": false,
      "inputs": [
        ParamType {
          "arrayChildren": null,
          "arrayLength": null,
          "baseType": "address",
          "components": null,
          "indexed": true,
          "name": "owner",
          "type": "address",
        },
        ParamType {
          "arrayChildren": null,
          "arrayLength": null,
          "baseType": "address",
          "components": null,
          "indexed": true,
          "name": "operator",
          "type": "address",
        },
        ParamType {
          "arrayChildren": null,
          "arrayLength": null,
          "baseType": "bool",
          "components": null,
          "indexed": false,
          "name": "approved",
          "type": "bool",
        },
      ],
      "name": "ApprovalForAll",
      "type": "event",
    },
  ],
  "receive": false,
}
`;
